>>> say_my_name = __import__('3-say_my_name').say_my_name

>>> say_my_name("nada", "shaban")
My name is nada shaban

::

>>> say_my_name("nada", 3)
Traceback (most recent call last):
...
TypeError: last_name must be a string

::

>>> say_my_name(1, "nada")
Traceback (most recent call last):
...
TypeError: first_name must be a string

::

>>> say_my_name("nada", None)
Traceback (most recent call last):
...
TypeError: last_name must be a string

::

>>> say_my_name(None, "nada")
Traceback (most recent call last):
...
TypeError: first_name must be a string

>>> say_my_name()
Traceback (most recent call last):
TypeError: say_my_name() missing 1 required positional argument: 'first_name'

::

>>> say_my_name("nada", ["shaban", "mahmoud"])
Traceback (most recent call last):
...
TypeError: last_name must be a string
